Test project D:/a/ddup/ddup/build
      Start  1: test_pal
 1/25 Test  #1: test_pal .........................   Passed    0.01 sec
      Start  2: test_socket
 2/25 Test  #2: test_socket ......................   Passed    0.01 sec
      Start  3: test_event
 3/25 Test  #3: test_event .......................   Passed    0.15 sec
      Start  4: test_server
 4/25 Test  #4: test_server ......................   Passed    0.34 sec
      Start  5: test_arena
 5/25 Test  #5: test_arena .......................   Passed    0.01 sec
      Start  6: test_resp_parser
 6/25 Test  #6: test_resp_parser .................   Passed    0.01 sec
      Start  7: test_resp_writer
 7/25 Test  #7: test_resp_writer .................   Passed    0.01 sec
      Start  8: test_resp3
 8/25 Test  #8: test_resp3 .......................   Passed    0.01 sec
      Start  9: test_rhtable
 9/25 Test  #9: test_rhtable .....................   Passed    0.69 sec
      Start 10: test_command
10/25 Test #10: test_command .....................   Passed    0.01 sec
      Start 11: test_expire
11/25 Test #11: test_expire ......................   Passed    0.01 sec
      Start 12: test_eviction
12/25 Test #12: test_eviction ....................   Passed    0.01 sec
      Start 13: test_hash
13/25 Test #13: test_hash ........................   Passed    0.01 sec
      Start 14: test_list
14/25 Test #14: test_list ........................   Passed    0.01 sec
      Start 15: test_skiplist
15/25 Test #15: test_skiplist ....................   Passed    0.01 sec
      Start 16: test_set
16/25 Test #16: test_set .........................   Passed    0.01 sec
      Start 17: test_zset
17/25 Test #17: test_zset ........................   Passed    0.01 sec
      Start 18: test_session
18/25 Test #18: test_session .....................   Passed    0.01 sec
      Start 19: test_multi
19/25 Test #19: test_multi .......................   Passed    0.01 sec
      Start 20: test_pubsub
20/25 Test #20: test_pubsub ......................   Passed    0.01 sec
      Start 21: test_config
21/25 Test #21: test_config ......................   Passed    0.01 sec
      Start 22: test_aof
22/25 Test #22: test_aof .........................   Passed    0.01 sec
      Start 23: test_snapshot
23/25 Test #23: test_snapshot ....................   Passed    0.01 sec
      Start 24: test_repl
24/25 Test #24: test_repl ........................   Passed    0.78 sec
      Start 25: test_tls
25/25 Test #25: test_tls .........................***Timeout 180.01 sec


96% tests passed, 1 tests failed out of 25

Total Test time (real) = 182.28 sec

The following tests FAILED:
	 25 - test_tls (Timeout)
Errors while running CTest
